=== resume check ===
  complete  35m_k1p56_r0: 2000 frames
  complete  35m_k1p56_r1: 2000 frames
  complete  35m_k1p56_r2: 2000 frames
  complete  35m_k1p56_r3: 2000 frames
  complete  35m_k1p56_r4: 2000 frames
  REDO      35m_k1p56_r5: 110/2000 frames - removing folders
  5 complete, removed 3 folder(s) for restart

=== inputs ===
  nacl_35m_pr0.pdb               HOH 9024  NA 60  CL 60
  nacl_35m_pr1.pdb               HOH 9024  NA 60  CL 60
  nacl_35m_pr2.pdb               HOH 9024  NA 60  CL 60
  nacl_35m_pr3.pdb               HOH 9024  NA 60  CL 60
  nacl_35m_pr4.pdb               HOH 9024  NA 60  CL 60
  nacl_35m_pr5.pdb               HOH 9024  NA 60  CL 60
  (expect HOH 9024, NA 60, CL 60 in every file)

2026-08-30 15:35:26,535 [INFO] Using restraint type HP (harmonic potential)
2026-08-30 15:35:26,535 [INFO] [salt_data] structures/salt_data_30x30x100.py: N=60 pairs, k=1.5566588493297209 (k1p56, HP), delta_z=1.5816038571513638 nm, Lz=10.0, z0=5.0, T=298.15
Concentrations: [3.5]
k (kJ/mol/nm^2): 1.5566588493297209   tag: k1p56
Lz (nm): 10.000, z_center (nm): 5.000
Salt to be analyzed: NaCl
Molality of maximum concentration = 35 mol/kg {'Molality': 3.5, 'Molarity': 3.2593, 'Number of Particles': 60, 'Osmotic Coefficient': 1.08, 'Density': 1.1217, 'k_HP': 1.5566588493297209, 'delta_z_FBP': 1.5816038571513638, 'k_FBP_wall': 4184.0}
File already exists. Skipping code.
Modifying 35m systems:   0%|          | 0/6 [00:00<?, ?it/s]r0
CENTER ATOMS 120 [9024, 9025, 9026, 9027, 9028, 9029, 9030, 9031, 9032, 9033, 9034, 9035, 9036, 9037, 9038, 9039, 9040, 9041, 9042, 9043, 9044, 9045, 9046, 9047, 9048, 9049, 9050, 9051, 9052, 9053, 9054, 9055, 9056, 9057, 9058, 9059, 9060, 9061, 9062, 9063, 9064, 9065, 9066, 9067, 9068, 9069, 9070, 9071, 9072, 9073, 9074, 9075, 9076, 9077, 9078, 9079, 9080, 9081, 9082, 9083, 9084, 9085, 9086, 9087, 9088, 9089, 9090, 9091, 9092, 9093, 9094, 9095, 9096, 9097, 9098, 9099, 9100, 9101, 9102, 9103, 9104, 9105, 9106, 9107, 9108, 9109, 9110, 9111, 9112, 9113, 9114, 9115, 9116, 9117, 9118, 9119, 9120, 9121, 9122, 9123, 9124, 9125, 9126, 9127, 9128, 9129, 9130, 9131, 9132, 9133, 9134, 9135, 9136, 9137, 9138, 9139, 9140, 9141, 9142, 9143]
r1
CENTER ATOMS 120 [9024, 9025, 9026, 9027, 9028, 9029, 9030, 9031, 9032, 9033, 9034, 9035, 9036, 9037, 9038, 9039, 9040, 9041, 9042, 9043, 9044, 9045, 9046, 9047, 9048, 9049, 9050, 9051, 9052, 9053, 9054, 9055, 9056, 9057, 9058, 9059, 9060, 9061, 9062, 9063, 9064, 9065, 9066, 9067, 9068, 9069, 9070, 9071, 9072, 9073, 9074, 9075, 9076, 9077, 9078, 9079, 9080, 9081, 9082, 9083, 9084, 9085, 9086, 9087, 9088, 9089, 9090, 9091, 9092, 9093, 9094, 9095, 9096, 9097, 9098, 9099, 9100, 9101, 9102, 9103, 9104, 9105, 9106, 9107, 9108, 9109, 9110, 9111, 9112, 9113, 9114, 9115, 9116, 9117, 9118, 9119, 9120, 9121, 9122, 9123, 9124, 9125, 9126, 9127, 9128, 9129, 9130, 9131, 9132, 9133, 9134, 9135, 9136, 9137, 9138, 9139, 9140, 9141, 9142, 9143]
r2
CENTER ATOMS 120 [9024, 9025, 9026, 9027, 9028, 9029, 9030, 9031, 9032, 9033, 9034, 9035, 9036, 9037, 9038, 9039, 9040, 9041, 9042, 9043, 9044, 9045, 9046, 9047, 9048, 9049, 9050, 9051, 9052, 9053, 9054, 9055, 9056, 9057, 9058, 9059, 9060, 9061, 9062, 9063, 9064, 9065, 9066, 9067, 9068, 9069, 9070, 9071, 9072, 9073, 9074, 9075, 9076, 9077, 9078, 9079, 9080, 9081, 9082, 9083, 9084, 9085, 9086, 9087, 9088, 9089, 9090, 9091, 9092, 9093, 9094, 9095, 9096, 9097, 9098, 9099, 9100, 9101, 9102, 9103, 9104, 9105, 9106, 9107, 9108, 9109, 9110, 9111, 9112, 9113, 9114, 9115, 9116, 9117, 9118, 9119, 9120, 9121, 9122, 9123, 9124, 9125, 9126, 9127, 9128, 9129, 9130, 9131, 9132, 9133, 9134, 9135, 9136, 9137, 9138, 9139, 9140, 9141, 9142, 9143]
r3
CENTER ATOMS 120 [9024, 9025, 9026, 9027, 9028, 9029, 9030, 9031, 9032, 9033, 9034, 9035, 9036, 9037, 9038, 9039, 9040, 9041, 9042, 9043, 9044, 9045, 9046, 9047, 9048, 9049, 9050, 9051, 9052, 9053, 9054, 9055, 9056, 9057, 9058, 9059, 9060, 9061, 9062, 9063, 9064, 9065, 9066, 9067, 9068, 9069, 9070, 9071, 9072, 9073, 9074, 9075, 9076, 9077, 9078, 9079, 9080, 9081, 9082, 9083, 9084, 9085, 9086, 9087, 9088, 9089, 9090, 9091, 9092, 9093, 9094, 9095, 9096, 9097, 9098, 9099, 9100, 9101, 9102, 9103, 9104, 9105, 9106, 9107, 9108, 9109, 9110, 9111, 9112, 9113, 9114, 9115, 9116, 9117, 9118, 9119, 9120, 9121, 9122, 9123, 9124, 9125, 9126, 9127, 9128, 9129, 9130, 9131, 9132, 9133, 9134, 9135, 9136, 9137, 9138, 9139, 9140, 9141, 9142, 9143]
r4
CENTER ATOMS 120 [9024, 9025, 9026, 9027, 9028, 9029, 9030, 9031, 9032, 9033, 9034, 9035, 9036, 9037, 9038, 9039, 9040, 9041, 9042, 9043, 9044, 9045, 9046, 9047, 9048, 9049, 9050, 9051, 9052, 9053, 9054, 9055, 9056, 9057, 9058, 9059, 9060, 9061, 9062, 9063, 9064, 9065, 9066, 9067, 9068, 9069, 9070, 9071, 9072, 9073, 9074, 9075, 9076, 9077, 9078, 9079, 9080, 9081, 9082, 9083, 9084, 9085, 9086, 9087, 9088, 9089, 9090, 9091, 9092, 9093, 9094, 9095, 9096, 9097, 9098, 9099, 9100, 9101, 9102, 9103, 9104, 9105, 9106, 9107, 9108, 9109, 9110, 9111, 9112, 9113, 9114, 9115, 9116, 9117, 9118, 9119, 9120, 9121, 9122, 9123, 9124, 9125, 9126, 9127, 9128, 9129, 9130, 9131, 9132, 9133, 9134, 9135, 9136, 9137, 9138, 9139, 9140, 9141, 9142, 9143]
r5
CENTER ATOMS 120 [9024, 9025, 9026, 9027, 9028, 9029, 9030, 9031, 9032, 9033, 9034, 9035, 9036, 9037, 9038, 9039, 9040, 9041, 9042, 9043, 9044, 9045, 9046, 9047, 9048, 9049, 9050, 9051, 9052, 9053, 9054, 9055, 9056, 9057, 9058, 9059, 9060, 9061, 9062, 9063, 9064, 9065, 9066, 9067, 9068, 9069, 9070, 9071, 9072, 9073, 9074, 9075, 9076, 9077, 9078, 9079, 9080, 9081, 9082, 9083, 9084, 9085, 9086, 9087, 9088, 9089, 9090, 9091, 9092, 9093, 9094, 9095, 9096, 9097, 9098, 9099, 9100, 9101, 9102, 9103, 9104, 9105, 9106, 9107, 9108, 9109, 9110, 9111, 9112, 9113, 9114, 9115, 9116, 9117, 9118, 9119, 9120, 9121, 9122, 9123, 9124, 9125, 9126, 9127, 9128, 9129, 9130, 9131, 9132, 9133, 9134, 9135, 9136, 9137, 9138, 9139, 9140, 9141, 9142, 9143]
                                                            ✅ System dictionary for 35m saved as pickle file
2026-08-30 15:35:32,408 [INFO] Skipping 35m_k1p56_r0, simulation folders already exist.
2026-08-30 15:35:32,408 [INFO] Skipping 35m_k1p56_r1, simulation folders already exist.
2026-08-30 15:35:32,409 [INFO] Skipping 35m_k1p56_r2, simulation folders already exist.
2026-08-30 15:35:32,409 [INFO] Skipping 35m_k1p56_r3, simulation folders already exist.
2026-08-30 15:35:32,409 [INFO] Skipping 35m_k1p56_r4, simulation folders already exist.
2026-08-30 15:35:32,409 [INFO] ▶ Starting simulation 35m_k1p56_r5
2026-08-30 15:35:32,409 [INFO] Initializing simulation 1/1 ("equil_sim_NVT_35m_k1p56_r5")
2026-08-30 15:35:32,490 [INFO] Created LangevinMiddleIntegrator for NVT (Canonical) ensemble
2026-08-30 15:35:34,271 [INFO] Setting positions in Context
2026-08-30 15:35:34,272 [WARNING] No valid State/State file provided, initializing State as None
2026-08-30 15:35:35,861 [INFO] Prepared DCDReporter which reports to /gpfs/alpine1/scratch/bamo6610/osmcoeff-salts/HP_NaCl_TIP4P2005_paperbox/equil_sim_NVT_35m_k1p56_r5/equil_sim_NVT_35m_k1p56_r5_trajectory.dcd
2026-08-30 15:35:35,862 [INFO] Prepared CheckpointReporter which reports to /gpfs/alpine1/scratch/bamo6610/osmcoeff-salts/HP_NaCl_TIP4P2005_paperbox/equil_sim_NVT_35m_k1p56_r5/equil_sim_NVT_35m_k1p56_r5_checkpoint.chk
2026-08-30 15:35:35,862 [INFO] Prepared StateReporter which reports to /gpfs/alpine1/scratch/bamo6610/osmcoeff-salts/HP_NaCl_TIP4P2005_paperbox/equil_sim_NVT_35m_k1p56_r5/equil_sim_NVT_35m_k1p56_r5_state.xml
2026-08-30 15:35:35,864 [INFO] Prepared StateDataReporter which reports to /gpfs/alpine1/scratch/bamo6610/osmcoeff-salts/HP_NaCl_TIP4P2005_paperbox/equil_sim_NVT_35m_k1p56_r5/equil_sim_NVT_35m_k1p56_r5_state_data.csv
2026-08-30 15:35:35,908 [INFO] Performing energy minimization (initial PE = 1955375198921.1475 kJ/mol)
2026-08-30 15:35:49,120 [INFO] Energy successfully minimized (final PE = -215346.216903687 kJ/mol)
2026-08-30 15:35:49,263 [INFO] Saved energy-minimized Simulation Topology at /gpfs/alpine1/scratch/bamo6610/osmcoeff-salts/HP_NaCl_TIP4P2005_paperbox/equil_sim_NVT_35m_k1p56_r5/equil_sim_NVT_35m_k1p56_r5_topology.pdb
2026-08-30 15:35:49,373 [INFO] Saved serialized Simulation System at /gpfs/alpine1/scratch/bamo6610/osmcoeff-salts/HP_NaCl_TIP4P2005_paperbox/equil_sim_NVT_35m_k1p56_r5/equil_sim_NVT_35m_k1p56_r5_system.xml
2026-08-30 15:35:49,373 [INFO] Integrating 50.0 ps OpenMM Simulation for 50000 steps
2026-08-30 15:36:28,975 [INFO] Simulation integration completed successfully
2026-08-30 15:36:28,975 [INFO] 
2026-08-30 15:36:30,591 [INFO] [<openmm.openmm.CustomNonbondedForce; proxy of <Swig Object of type 'OpenMM::CustomNonbondedForce *' at 0x15465903d130> >, <openmm.openmm.NonbondedForce; proxy of <Swig Object of type 'OpenMM::NonbondedForce *' at 0x15466291c3f0> >, <openmm.openmm.CustomBondForce; proxy of <Swig Object of type 'OpenMM::CustomBondForce *' at 0x15465d07e2f0> >, <openmm.openmm.CustomBondForce; proxy of <Swig Object of type 'OpenMM::CustomBondForce *' at 0x154660c2e230> >, <openmm.openmm.CMMotionRemover; proxy of <Swig Object of type 'OpenMM::CMMotionRemover *' at 0x15465c926e70> >, <openmm.openmm.CustomExternalForce; proxy of <Swig Object of type 'OpenMM::CustomExternalForce *' at 0x15465ca9c0b0> >, <openmm.openmm.MonteCarloMembraneBarostat; proxy of <Swig Object of type 'OpenMM::MonteCarloMembraneBarostat *' at 0x15465ca9c070> >]
2026-08-30 15:36:30,592 [INFO] Initializing simulation 1/2 ("equil_sim_NPT_35m_k1p56_r5")
2026-08-30 15:36:30,599 [INFO] Created LangevinMiddleIntegrator for NVT (Canonical) ensemble
2026-08-30 15:36:32,285 [INFO] Setting positions in Context
2026-08-30 15:36:32,286 [WARNING] No valid State/State file provided, initializing State as None
2026-08-30 15:36:33,939 [INFO] Prepared DCDReporter which reports to /gpfs/alpine1/scratch/bamo6610/osmcoeff-salts/HP_NaCl_TIP4P2005_paperbox/equil_sim_NPT_35m_k1p56_r5/equil_sim_NPT_35m_k1p56_r5_trajectory.dcd
2026-08-30 15:36:33,939 [INFO] Prepared CheckpointReporter which reports to /gpfs/alpine1/scratch/bamo6610/osmcoeff-salts/HP_NaCl_TIP4P2005_paperbox/equil_sim_NPT_35m_k1p56_r5/equil_sim_NPT_35m_k1p56_r5_checkpoint.chk
2026-08-30 15:36:33,939 [INFO] Prepared StateReporter which reports to /gpfs/alpine1/scratch/bamo6610/osmcoeff-salts/HP_NaCl_TIP4P2005_paperbox/equil_sim_NPT_35m_k1p56_r5/equil_sim_NPT_35m_k1p56_r5_state.xml
2026-08-30 15:36:33,939 [INFO] Prepared StateDataReporter which reports to /gpfs/alpine1/scratch/bamo6610/osmcoeff-salts/HP_NaCl_TIP4P2005_paperbox/equil_sim_NPT_35m_k1p56_r5/equil_sim_NPT_35m_k1p56_r5_state_data.csv
2026-08-30 15:36:33,973 [INFO] Performing energy minimization (initial PE = -192948.51646423386 kJ/mol)
2026-08-30 15:36:36,404 [INFO] Energy successfully minimized (final PE = -219470.51646423386 kJ/mol)
2026-08-30 15:36:36,528 [INFO] Saved energy-minimized Simulation Topology at /gpfs/alpine1/scratch/bamo6610/osmcoeff-salts/HP_NaCl_TIP4P2005_paperbox/equil_sim_NPT_35m_k1p56_r5/equil_sim_NPT_35m_k1p56_r5_topology.pdb
2026-08-30 15:36:36,628 [INFO] Saved serialized Simulation System at /gpfs/alpine1/scratch/bamo6610/osmcoeff-salts/HP_NaCl_TIP4P2005_paperbox/equil_sim_NPT_35m_k1p56_r5/equil_sim_NPT_35m_k1p56_r5_system.xml
2026-08-30 15:36:36,628 [INFO] Integrating 25.0 ns OpenMM Simulation for 12500000 steps
2026-08-30 18:08:05,362 [INFO] Simulation integration completed successfully
2026-08-30 18:08:05,362 [INFO] 
2026-08-30 18:08:05,362 [INFO] Initializing simulation 2/2 ("prod_sim_35m_k1p56_r5")
2026-08-30 18:08:05,372 [INFO] Created LangevinMiddleIntegrator for NVT (Canonical) ensemble
2026-08-30 18:08:07,069 [INFO] Setting positions in Context
2026-08-30 18:08:07,070 [WARNING] No valid State/State file provided, initializing State as None
2026-08-30 18:08:08,645 [INFO] Prepared DCDReporter which reports to /gpfs/alpine1/scratch/bamo6610/osmcoeff-salts/HP_NaCl_TIP4P2005_paperbox/prod_sim_35m_k1p56_r5/prod_sim_35m_k1p56_r5_trajectory.dcd
2026-08-30 18:08:08,645 [INFO] Prepared CheckpointReporter which reports to /gpfs/alpine1/scratch/bamo6610/osmcoeff-salts/HP_NaCl_TIP4P2005_paperbox/prod_sim_35m_k1p56_r5/prod_sim_35m_k1p56_r5_checkpoint.chk
2026-08-30 18:08:08,645 [INFO] Prepared StateReporter which reports to /gpfs/alpine1/scratch/bamo6610/osmcoeff-salts/HP_NaCl_TIP4P2005_paperbox/prod_sim_35m_k1p56_r5/prod_sim_35m_k1p56_r5_state.xml
2026-08-30 18:08:08,646 [INFO] Prepared StateDataReporter which reports to /gpfs/alpine1/scratch/bamo6610/osmcoeff-salts/HP_NaCl_TIP4P2005_paperbox/prod_sim_35m_k1p56_r5/prod_sim_35m_k1p56_r5_state_data.csv
2026-08-30 18:08:08,680 [INFO] Performing energy minimization (initial PE = 2.0786371275321613e+20 kJ/mol)
2026-08-30 18:08:30,488 [INFO] Energy successfully minimized (final PE = -214233.25975036668 kJ/mol)
2026-08-30 18:08:30,604 [INFO] Saved energy-minimized Simulation Topology at /gpfs/alpine1/scratch/bamo6610/osmcoeff-salts/HP_NaCl_TIP4P2005_paperbox/prod_sim_35m_k1p56_r5/prod_sim_35m_k1p56_r5_topology.pdb
2026-08-30 18:08:30,713 [INFO] Saved serialized Simulation System at /gpfs/alpine1/scratch/bamo6610/osmcoeff-salts/HP_NaCl_TIP4P2005_paperbox/prod_sim_35m_k1p56_r5/prod_sim_35m_k1p56_r5_system.xml
2026-08-30 18:08:30,713 [INFO] Integrating 200.0 ns OpenMM Simulation for 100000000 steps
2026-08-31 15:00:00,788 [INFO] Simulation integration completed successfully
2026-08-31 15:00:00,815 [INFO] 
2026-08-31 15:00:00,815 [INFO] ✅ Completed 35m_k1p56_r5

📂 Checking: /gpfs/alpine1/scratch/bamo6610/osmcoeff-salts/HP_NaCl_TIP4P2005_paperbox/prod_sim_35m_k1p56_r0/prod_sim_35m_k1p56_r0_topology.pdb
✅ File copied from /gpfs/alpine1/scratch/bamo6610/osmcoeff-salts/HP_NaCl_TIP4P2005_paperbox/prod_sim_35m_k1p56_r0/prod_sim_35m_k1p56_r0_topology.pdb to /gpfs/alpine1/scratch/bamo6610/osmcoeff-salts/HP_NaCl_TIP4P2005_paperbox/result_files/k1p56_35m/md35m_r0.pdb
🔍 Looking for DCD file: /gpfs/alpine1/scratch/bamo6610/osmcoeff-salts/HP_NaCl_TIP4P2005_paperbox/prod_sim_35m_k1p56_r0/prod_sim_35m_k1p56_r0_trajectory.dcd
🔁 Successfully converted /gpfs/alpine1/scratch/bamo6610/osmcoeff-salts/HP_NaCl_TIP4P2005_paperbox/prod_sim_35m_k1p56_r0/prod_sim_35m_k1p56_r0_trajectory.dcd to /gpfs/alpine1/scratch/bamo6610/osmcoeff-salts/HP_NaCl_TIP4P2005_paperbox/result_files/k1p56_35m/md35m_r0.xtc
Warning: 'topology' data from input file(s) will be discarded. output format only supports fields: 'xyz', 'time', 'step', 'box'


📂 Checking: /gpfs/alpine1/scratch/bamo6610/osmcoeff-salts/HP_NaCl_TIP4P2005_paperbox/prod_sim_35m_k1p56_r1/prod_sim_35m_k1p56_r1_topology.pdb
✅ File copied from /gpfs/alpine1/scratch/bamo6610/osmcoeff-salts/HP_NaCl_TIP4P2005_paperbox/prod_sim_35m_k1p56_r1/prod_sim_35m_k1p56_r1_topology.pdb to /gpfs/alpine1/scratch/bamo6610/osmcoeff-salts/HP_NaCl_TIP4P2005_paperbox/result_files/k1p56_35m/md35m_r1.pdb
🔍 Looking for DCD file: /gpfs/alpine1/scratch/bamo6610/osmcoeff-salts/HP_NaCl_TIP4P2005_paperbox/prod_sim_35m_k1p56_r1/prod_sim_35m_k1p56_r1_trajectory.dcd
🔁 Successfully converted /gpfs/alpine1/scratch/bamo6610/osmcoeff-salts/HP_NaCl_TIP4P2005_paperbox/prod_sim_35m_k1p56_r1/prod_sim_35m_k1p56_r1_trajectory.dcd to /gpfs/alpine1/scratch/bamo6610/osmcoeff-salts/HP_NaCl_TIP4P2005_paperbox/result_files/k1p56_35m/md35m_r1.xtc
Warning: 'topology' data from input file(s) will be discarded. output format only supports fields: 'xyz', 'time', 'step', 'box'


📂 Checking: /gpfs/alpine1/scratch/bamo6610/osmcoeff-salts/HP_NaCl_TIP4P2005_paperbox/prod_sim_35m_k1p56_r2/prod_sim_35m_k1p56_r2_topology.pdb
✅ File copied from /gpfs/alpine1/scratch/bamo6610/osmcoeff-salts/HP_NaCl_TIP4P2005_paperbox/prod_sim_35m_k1p56_r2/prod_sim_35m_k1p56_r2_topology.pdb to /gpfs/alpine1/scratch/bamo6610/osmcoeff-salts/HP_NaCl_TIP4P2005_paperbox/result_files/k1p56_35m/md35m_r2.pdb
🔍 Looking for DCD file: /gpfs/alpine1/scratch/bamo6610/osmcoeff-salts/HP_NaCl_TIP4P2005_paperbox/prod_sim_35m_k1p56_r2/prod_sim_35m_k1p56_r2_trajectory.dcd
🔁 Successfully converted /gpfs/alpine1/scratch/bamo6610/osmcoeff-salts/HP_NaCl_TIP4P2005_paperbox/prod_sim_35m_k1p56_r2/prod_sim_35m_k1p56_r2_trajectory.dcd to /gpfs/alpine1/scratch/bamo6610/osmcoeff-salts/HP_NaCl_TIP4P2005_paperbox/result_files/k1p56_35m/md35m_r2.xtc
Warning: 'topology' data from input file(s) will be discarded. output format only supports fields: 'xyz', 'time', 'step', 'box'


📂 Checking: /gpfs/alpine1/scratch/bamo6610/osmcoeff-salts/HP_NaCl_TIP4P2005_paperbox/prod_sim_35m_k1p56_r3/prod_sim_35m_k1p56_r3_topology.pdb
✅ File copied from /gpfs/alpine1/scratch/bamo6610/osmcoeff-salts/HP_NaCl_TIP4P2005_paperbox/prod_sim_35m_k1p56_r3/prod_sim_35m_k1p56_r3_topology.pdb to /gpfs/alpine1/scratch/bamo6610/osmcoeff-salts/HP_NaCl_TIP4P2005_paperbox/result_files/k1p56_35m/md35m_r3.pdb
🔍 Looking for DCD file: /gpfs/alpine1/scratch/bamo6610/osmcoeff-salts/HP_NaCl_TIP4P2005_paperbox/prod_sim_35m_k1p56_r3/prod_sim_35m_k1p56_r3_trajectory.dcd
🔁 Successfully converted /gpfs/alpine1/scratch/bamo6610/osmcoeff-salts/HP_NaCl_TIP4P2005_paperbox/prod_sim_35m_k1p56_r3/prod_sim_35m_k1p56_r3_trajectory.dcd to /gpfs/alpine1/scratch/bamo6610/osmcoeff-salts/HP_NaCl_TIP4P2005_paperbox/result_files/k1p56_35m/md35m_r3.xtc
Warning: 'topology' data from input file(s) will be discarded. output format only supports fields: 'xyz', 'time', 'step', 'box'


📂 Checking: /gpfs/alpine1/scratch/bamo6610/osmcoeff-salts/HP_NaCl_TIP4P2005_paperbox/prod_sim_35m_k1p56_r4/prod_sim_35m_k1p56_r4_topology.pdb
✅ File copied from /gpfs/alpine1/scratch/bamo6610/osmcoeff-salts/HP_NaCl_TIP4P2005_paperbox/prod_sim_35m_k1p56_r4/prod_sim_35m_k1p56_r4_topology.pdb to /gpfs/alpine1/scratch/bamo6610/osmcoeff-salts/HP_NaCl_TIP4P2005_paperbox/result_files/k1p56_35m/md35m_r4.pdb
🔍 Looking for DCD file: /gpfs/alpine1/scratch/bamo6610/osmcoeff-salts/HP_NaCl_TIP4P2005_paperbox/prod_sim_35m_k1p56_r4/prod_sim_35m_k1p56_r4_trajectory.dcd
🔁 Successfully converted /gpfs/alpine1/scratch/bamo6610/osmcoeff-salts/HP_NaCl_TIP4P2005_paperbox/prod_sim_35m_k1p56_r4/prod_sim_35m_k1p56_r4_trajectory.dcd to /gpfs/alpine1/scratch/bamo6610/osmcoeff-salts/HP_NaCl_TIP4P2005_paperbox/result_files/k1p56_35m/md35m_r4.xtc
Warning: 'topology' data from input file(s) will be discarded. output format only supports fields: 'xyz', 'time', 'step', 'box'


📂 Checking: /gpfs/alpine1/scratch/bamo6610/osmcoeff-salts/HP_NaCl_TIP4P2005_paperbox/prod_sim_35m_k1p56_r5/prod_sim_35m_k1p56_r5_topology.pdb
✅ File copied from /gpfs/alpine1/scratch/bamo6610/osmcoeff-salts/HP_NaCl_TIP4P2005_paperbox/prod_sim_35m_k1p56_r5/prod_sim_35m_k1p56_r5_topology.pdb to /gpfs/alpine1/scratch/bamo6610/osmcoeff-salts/HP_NaCl_TIP4P2005_paperbox/result_files/k1p56_35m/md35m_r5.pdb
🔍 Looking for DCD file: /gpfs/alpine1/scratch/bamo6610/osmcoeff-salts/HP_NaCl_TIP4P2005_paperbox/prod_sim_35m_k1p56_r5/prod_sim_35m_k1p56_r5_trajectory.dcd
🔁 Successfully converted /gpfs/alpine1/scratch/bamo6610/osmcoeff-salts/HP_NaCl_TIP4P2005_paperbox/prod_sim_35m_k1p56_r5/prod_sim_35m_k1p56_r5_trajectory.dcd to /gpfs/alpine1/scratch/bamo6610/osmcoeff-salts/HP_NaCl_TIP4P2005_paperbox/result_files/k1p56_35m/md35m_r5.xtc
Warning: 'topology' data from input file(s) will be discarded. output format only supports fields: 'xyz', 'time', 'step', 'box'


=== state at end of this job ===
  complete  35m_k1p56_r0: 2000 frames
  complete  35m_k1p56_r1: 2000 frames
  complete  35m_k1p56_r2: 2000 frames
  complete  35m_k1p56_r3: 2000 frames
  complete  35m_k1p56_r4: 2000 frames
  complete  35m_k1p56_r5: 2000 frames
  6 replicate(s) complete at 2000 frames
CASE=HP_NaCl_TIP4P2005_paperbox  DATE=2026-08-31T15:01:17-06:00
JobID           JobName    CPUTime    Elapsed     MaxRSS 
------------ ---------- ---------- ---------- ---------- 
27969214     HP_nacl_p+   23:25:33   23:25:33            
27969214.ba+      batch   23:25:33   23:25:33            
27969214.ex+     extern   23:25:33   23:25:33            
