=== resume check ===
  complete  35m_k1p56_r0: 2000 frames
  complete  35m_k1p56_r1: 2000 frames
  complete  35m_k1p56_r2: 2000 frames
  complete  35m_k1p56_r3: 2000 frames
  complete  35m_k1p56_r4: 2000 frames
  complete  35m_k1p56_r5: 2000 frames
  6 complete, removed 0 folder(s) for restart

=== inputs ===
  nacl_35m_pr0.pdb               HOH 9024  NA 60  CL 60
  nacl_35m_pr1.pdb               HOH 9024  NA 60  CL 60
  nacl_35m_pr2.pdb               HOH 9024  NA 60  CL 60
  nacl_35m_pr3.pdb               HOH 9024  NA 60  CL 60
  nacl_35m_pr4.pdb               HOH 9024  NA 60  CL 60
  nacl_35m_pr5.pdb               HOH 9024  NA 60  CL 60
  (expect HOH 9024, NA 60, CL 60 in every file)

2026-09-04 14:29:18,911 [INFO] Using restraint type HP (harmonic potential)
2026-09-04 14:29:18,911 [INFO] [salt_data] structures/salt_data_30x30x100.py: N=60 pairs, k=1.5566588493297209 (k1p56, HP), delta_z=1.5816038571513638 nm, Lz=10.0, z0=5.0, T=298.15
Concentrations: [3.5]
k (kJ/mol/nm^2): 1.5566588493297209   tag: k1p56
Lz (nm): 10.000, z_center (nm): 5.000
Salt to be analyzed: NaCl
Molality of maximum concentration = 35 mol/kg {'Molality': 3.5, 'Molarity': 3.2593, 'Number of Particles': 60, 'Osmotic Coefficient': 1.08, 'Density': 1.1217, 'k_HP': 1.5566588493297209, 'delta_z_FBP': 1.5816038571513638, 'k_FBP_wall': 4184.0}
File already exists. Skipping code.
Modifying 35m systems:   0%|          | 0/6 [00:00<?, ?it/s]r0
CENTER ATOMS 120 [9024, 9025, 9026, 9027, 9028, 9029, 9030, 9031, 9032, 9033, 9034, 9035, 9036, 9037, 9038, 9039, 9040, 9041, 9042, 9043, 9044, 9045, 9046, 9047, 9048, 9049, 9050, 9051, 9052, 9053, 9054, 9055, 9056, 9057, 9058, 9059, 9060, 9061, 9062, 9063, 9064, 9065, 9066, 9067, 9068, 9069, 9070, 9071, 9072, 9073, 9074, 9075, 9076, 9077, 9078, 9079, 9080, 9081, 9082, 9083, 9084, 9085, 9086, 9087, 9088, 9089, 9090, 9091, 9092, 9093, 9094, 9095, 9096, 9097, 9098, 9099, 9100, 9101, 9102, 9103, 9104, 9105, 9106, 9107, 9108, 9109, 9110, 9111, 9112, 9113, 9114, 9115, 9116, 9117, 9118, 9119, 9120, 9121, 9122, 9123, 9124, 9125, 9126, 9127, 9128, 9129, 9130, 9131, 9132, 9133, 9134, 9135, 9136, 9137, 9138, 9139, 9140, 9141, 9142, 9143]
r1
CENTER ATOMS 120 [9024, 9025, 9026, 9027, 9028, 9029, 9030, 9031, 9032, 9033, 9034, 9035, 9036, 9037, 9038, 9039, 9040, 9041, 9042, 9043, 9044, 9045, 9046, 9047, 9048, 9049, 9050, 9051, 9052, 9053, 9054, 9055, 9056, 9057, 9058, 9059, 9060, 9061, 9062, 9063, 9064, 9065, 9066, 9067, 9068, 9069, 9070, 9071, 9072, 9073, 9074, 9075, 9076, 9077, 9078, 9079, 9080, 9081, 9082, 9083, 9084, 9085, 9086, 9087, 9088, 9089, 9090, 9091, 9092, 9093, 9094, 9095, 9096, 9097, 9098, 9099, 9100, 9101, 9102, 9103, 9104, 9105, 9106, 9107, 9108, 9109, 9110, 9111, 9112, 9113, 9114, 9115, 9116, 9117, 9118, 9119, 9120, 9121, 9122, 9123, 9124, 9125, 9126, 9127, 9128, 9129, 9130, 9131, 9132, 9133, 9134, 9135, 9136, 9137, 9138, 9139, 9140, 9141, 9142, 9143]
r2
CENTER ATOMS 120 [9024, 9025, 9026, 9027, 9028, 9029, 9030, 9031, 9032, 9033, 9034, 9035, 9036, 9037, 9038, 9039, 9040, 9041, 9042, 9043, 9044, 9045, 9046, 9047, 9048, 9049, 9050, 9051, 9052, 9053, 9054, 9055, 9056, 9057, 9058, 9059, 9060, 9061, 9062, 9063, 9064, 9065, 9066, 9067, 9068, 9069, 9070, 9071, 9072, 9073, 9074, 9075, 9076, 9077, 9078, 9079, 9080, 9081, 9082, 9083, 9084, 9085, 9086, 9087, 9088, 9089, 9090, 9091, 9092, 9093, 9094, 9095, 9096, 9097, 9098, 9099, 9100, 9101, 9102, 9103, 9104, 9105, 9106, 9107, 9108, 9109, 9110, 9111, 9112, 9113, 9114, 9115, 9116, 9117, 9118, 9119, 9120, 9121, 9122, 9123, 9124, 9125, 9126, 9127, 9128, 9129, 9130, 9131, 9132, 9133, 9134, 9135, 9136, 9137, 9138, 9139, 9140, 9141, 9142, 9143]
r3
CENTER ATOMS 120 [9024, 9025, 9026, 9027, 9028, 9029, 9030, 9031, 9032, 9033, 9034, 9035, 9036, 9037, 9038, 9039, 9040, 9041, 9042, 9043, 9044, 9045, 9046, 9047, 9048, 9049, 9050, 9051, 9052, 9053, 9054, 9055, 9056, 9057, 9058, 9059, 9060, 9061, 9062, 9063, 9064, 9065, 9066, 9067, 9068, 9069, 9070, 9071, 9072, 9073, 9074, 9075, 9076, 9077, 9078, 9079, 9080, 9081, 9082, 9083, 9084, 9085, 9086, 9087, 9088, 9089, 9090, 9091, 9092, 9093, 9094, 9095, 9096, 9097, 9098, 9099, 9100, 9101, 9102, 9103, 9104, 9105, 9106, 9107, 9108, 9109, 9110, 9111, 9112, 9113, 9114, 9115, 9116, 9117, 9118, 9119, 9120, 9121, 9122, 9123, 9124, 9125, 9126, 9127, 9128, 9129, 9130, 9131, 9132, 9133, 9134, 9135, 9136, 9137, 9138, 9139, 9140, 9141, 9142, 9143]
r4
CENTER ATOMS 120 [9024, 9025, 9026, 9027, 9028, 9029, 9030, 9031, 9032, 9033, 9034, 9035, 9036, 9037, 9038, 9039, 9040, 9041, 9042, 9043, 9044, 9045, 9046, 9047, 9048, 9049, 9050, 9051, 9052, 9053, 9054, 9055, 9056, 9057, 9058, 9059, 9060, 9061, 9062, 9063, 9064, 9065, 9066, 9067, 9068, 9069, 9070, 9071, 9072, 9073, 9074, 9075, 9076, 9077, 9078, 9079, 9080, 9081, 9082, 9083, 9084, 9085, 9086, 9087, 9088, 9089, 9090, 9091, 9092, 9093, 9094, 9095, 9096, 9097, 9098, 9099, 9100, 9101, 9102, 9103, 9104, 9105, 9106, 9107, 9108, 9109, 9110, 9111, 9112, 9113, 9114, 9115, 9116, 9117, 9118, 9119, 9120, 9121, 9122, 9123, 9124, 9125, 9126, 9127, 9128, 9129, 9130, 9131, 9132, 9133, 9134, 9135, 9136, 9137, 9138, 9139, 9140, 9141, 9142, 9143]
r5
CENTER ATOMS 120 [9024, 9025, 9026, 9027, 9028, 9029, 9030, 9031, 9032, 9033, 9034, 9035, 9036, 9037, 9038, 9039, 9040, 9041, 9042, 9043, 9044, 9045, 9046, 9047, 9048, 9049, 9050, 9051, 9052, 9053, 9054, 9055, 9056, 9057, 9058, 9059, 9060, 9061, 9062, 9063, 9064, 9065, 9066, 9067, 9068, 9069, 9070, 9071, 9072, 9073, 9074, 9075, 9076, 9077, 9078, 9079, 9080, 9081, 9082, 9083, 9084, 9085, 9086, 9087, 9088, 9089, 9090, 9091, 9092, 9093, 9094, 9095, 9096, 9097, 9098, 9099, 9100, 9101, 9102, 9103, 9104, 9105, 9106, 9107, 9108, 9109, 9110, 9111, 9112, 9113, 9114, 9115, 9116, 9117, 9118, 9119, 9120, 9121, 9122, 9123, 9124, 9125, 9126, 9127, 9128, 9129, 9130, 9131, 9132, 9133, 9134, 9135, 9136, 9137, 9138, 9139, 9140, 9141, 9142, 9143]
                                                            ✅ System dictionary for 35m saved as pickle file
2026-09-04 14:29:24,906 [INFO] Skipping 35m_k1p56_r0, simulation folders already exist.
2026-09-04 14:29:24,907 [INFO] Skipping 35m_k1p56_r1, simulation folders already exist.
2026-09-04 14:29:24,907 [INFO] Skipping 35m_k1p56_r2, simulation folders already exist.
2026-09-04 14:29:24,908 [INFO] Skipping 35m_k1p56_r3, simulation folders already exist.
2026-09-04 14:29:24,908 [INFO] Skipping 35m_k1p56_r4, simulation folders already exist.
2026-09-04 14:29:24,908 [INFO] Skipping 35m_k1p56_r5, simulation folders already exist.

📂 Checking: /gpfs/alpine1/scratch/bamo6610/osmcoeff-salts/HP_NaCl_TIP4PEW_paperbox/prod_sim_35m_k1p56_r0/prod_sim_35m_k1p56_r0_topology.pdb
✅ File copied from /gpfs/alpine1/scratch/bamo6610/osmcoeff-salts/HP_NaCl_TIP4PEW_paperbox/prod_sim_35m_k1p56_r0/prod_sim_35m_k1p56_r0_topology.pdb to /gpfs/alpine1/scratch/bamo6610/osmcoeff-salts/HP_NaCl_TIP4PEW_paperbox/result_files/k1p56_35m/md35m_r0.pdb
🔍 Looking for DCD file: /gpfs/alpine1/scratch/bamo6610/osmcoeff-salts/HP_NaCl_TIP4PEW_paperbox/prod_sim_35m_k1p56_r0/prod_sim_35m_k1p56_r0_trajectory.dcd
🔁 Successfully converted /gpfs/alpine1/scratch/bamo6610/osmcoeff-salts/HP_NaCl_TIP4PEW_paperbox/prod_sim_35m_k1p56_r0/prod_sim_35m_k1p56_r0_trajectory.dcd to /gpfs/alpine1/scratch/bamo6610/osmcoeff-salts/HP_NaCl_TIP4PEW_paperbox/result_files/k1p56_35m/md35m_r0.xtc
Warning: 'topology' data from input file(s) will be discarded. output format only supports fields: 'xyz', 'time', 'step', 'box'


📂 Checking: /gpfs/alpine1/scratch/bamo6610/osmcoeff-salts/HP_NaCl_TIP4PEW_paperbox/prod_sim_35m_k1p56_r1/prod_sim_35m_k1p56_r1_topology.pdb
✅ File copied from /gpfs/alpine1/scratch/bamo6610/osmcoeff-salts/HP_NaCl_TIP4PEW_paperbox/prod_sim_35m_k1p56_r1/prod_sim_35m_k1p56_r1_topology.pdb to /gpfs/alpine1/scratch/bamo6610/osmcoeff-salts/HP_NaCl_TIP4PEW_paperbox/result_files/k1p56_35m/md35m_r1.pdb
🔍 Looking for DCD file: /gpfs/alpine1/scratch/bamo6610/osmcoeff-salts/HP_NaCl_TIP4PEW_paperbox/prod_sim_35m_k1p56_r1/prod_sim_35m_k1p56_r1_trajectory.dcd
🔁 Successfully converted /gpfs/alpine1/scratch/bamo6610/osmcoeff-salts/HP_NaCl_TIP4PEW_paperbox/prod_sim_35m_k1p56_r1/prod_sim_35m_k1p56_r1_trajectory.dcd to /gpfs/alpine1/scratch/bamo6610/osmcoeff-salts/HP_NaCl_TIP4PEW_paperbox/result_files/k1p56_35m/md35m_r1.xtc
Warning: 'topology' data from input file(s) will be discarded. output format only supports fields: 'xyz', 'time', 'step', 'box'


📂 Checking: /gpfs/alpine1/scratch/bamo6610/osmcoeff-salts/HP_NaCl_TIP4PEW_paperbox/prod_sim_35m_k1p56_r2/prod_sim_35m_k1p56_r2_topology.pdb
✅ File copied from /gpfs/alpine1/scratch/bamo6610/osmcoeff-salts/HP_NaCl_TIP4PEW_paperbox/prod_sim_35m_k1p56_r2/prod_sim_35m_k1p56_r2_topology.pdb to /gpfs/alpine1/scratch/bamo6610/osmcoeff-salts/HP_NaCl_TIP4PEW_paperbox/result_files/k1p56_35m/md35m_r2.pdb
🔍 Looking for DCD file: /gpfs/alpine1/scratch/bamo6610/osmcoeff-salts/HP_NaCl_TIP4PEW_paperbox/prod_sim_35m_k1p56_r2/prod_sim_35m_k1p56_r2_trajectory.dcd
🔁 Successfully converted /gpfs/alpine1/scratch/bamo6610/osmcoeff-salts/HP_NaCl_TIP4PEW_paperbox/prod_sim_35m_k1p56_r2/prod_sim_35m_k1p56_r2_trajectory.dcd to /gpfs/alpine1/scratch/bamo6610/osmcoeff-salts/HP_NaCl_TIP4PEW_paperbox/result_files/k1p56_35m/md35m_r2.xtc
Warning: 'topology' data from input file(s) will be discarded. output format only supports fields: 'xyz', 'time', 'step', 'box'


📂 Checking: /gpfs/alpine1/scratch/bamo6610/osmcoeff-salts/HP_NaCl_TIP4PEW_paperbox/prod_sim_35m_k1p56_r3/prod_sim_35m_k1p56_r3_topology.pdb
✅ File copied from /gpfs/alpine1/scratch/bamo6610/osmcoeff-salts/HP_NaCl_TIP4PEW_paperbox/prod_sim_35m_k1p56_r3/prod_sim_35m_k1p56_r3_topology.pdb to /gpfs/alpine1/scratch/bamo6610/osmcoeff-salts/HP_NaCl_TIP4PEW_paperbox/result_files/k1p56_35m/md35m_r3.pdb
🔍 Looking for DCD file: /gpfs/alpine1/scratch/bamo6610/osmcoeff-salts/HP_NaCl_TIP4PEW_paperbox/prod_sim_35m_k1p56_r3/prod_sim_35m_k1p56_r3_trajectory.dcd
🔁 Successfully converted /gpfs/alpine1/scratch/bamo6610/osmcoeff-salts/HP_NaCl_TIP4PEW_paperbox/prod_sim_35m_k1p56_r3/prod_sim_35m_k1p56_r3_trajectory.dcd to /gpfs/alpine1/scratch/bamo6610/osmcoeff-salts/HP_NaCl_TIP4PEW_paperbox/result_files/k1p56_35m/md35m_r3.xtc
Warning: 'topology' data from input file(s) will be discarded. output format only supports fields: 'xyz', 'time', 'step', 'box'


📂 Checking: /gpfs/alpine1/scratch/bamo6610/osmcoeff-salts/HP_NaCl_TIP4PEW_paperbox/prod_sim_35m_k1p56_r4/prod_sim_35m_k1p56_r4_topology.pdb
✅ File copied from /gpfs/alpine1/scratch/bamo6610/osmcoeff-salts/HP_NaCl_TIP4PEW_paperbox/prod_sim_35m_k1p56_r4/prod_sim_35m_k1p56_r4_topology.pdb to /gpfs/alpine1/scratch/bamo6610/osmcoeff-salts/HP_NaCl_TIP4PEW_paperbox/result_files/k1p56_35m/md35m_r4.pdb
🔍 Looking for DCD file: /gpfs/alpine1/scratch/bamo6610/osmcoeff-salts/HP_NaCl_TIP4PEW_paperbox/prod_sim_35m_k1p56_r4/prod_sim_35m_k1p56_r4_trajectory.dcd
🔁 Successfully converted /gpfs/alpine1/scratch/bamo6610/osmcoeff-salts/HP_NaCl_TIP4PEW_paperbox/prod_sim_35m_k1p56_r4/prod_sim_35m_k1p56_r4_trajectory.dcd to /gpfs/alpine1/scratch/bamo6610/osmcoeff-salts/HP_NaCl_TIP4PEW_paperbox/result_files/k1p56_35m/md35m_r4.xtc
Warning: 'topology' data from input file(s) will be discarded. output format only supports fields: 'xyz', 'time', 'step', 'box'


📂 Checking: /gpfs/alpine1/scratch/bamo6610/osmcoeff-salts/HP_NaCl_TIP4PEW_paperbox/prod_sim_35m_k1p56_r5/prod_sim_35m_k1p56_r5_topology.pdb
✅ File copied from /gpfs/alpine1/scratch/bamo6610/osmcoeff-salts/HP_NaCl_TIP4PEW_paperbox/prod_sim_35m_k1p56_r5/prod_sim_35m_k1p56_r5_topology.pdb to /gpfs/alpine1/scratch/bamo6610/osmcoeff-salts/HP_NaCl_TIP4PEW_paperbox/result_files/k1p56_35m/md35m_r5.pdb
🔍 Looking for DCD file: /gpfs/alpine1/scratch/bamo6610/osmcoeff-salts/HP_NaCl_TIP4PEW_paperbox/prod_sim_35m_k1p56_r5/prod_sim_35m_k1p56_r5_trajectory.dcd
🔁 Successfully converted /gpfs/alpine1/scratch/bamo6610/osmcoeff-salts/HP_NaCl_TIP4PEW_paperbox/prod_sim_35m_k1p56_r5/prod_sim_35m_k1p56_r5_trajectory.dcd to /gpfs/alpine1/scratch/bamo6610/osmcoeff-salts/HP_NaCl_TIP4PEW_paperbox/result_files/k1p56_35m/md35m_r5.xtc
Warning: 'topology' data from input file(s) will be discarded. output format only supports fields: 'xyz', 'time', 'step', 'box'


=== state at end of this job ===
  complete  35m_k1p56_r0: 2000 frames
  complete  35m_k1p56_r1: 2000 frames
  complete  35m_k1p56_r2: 2000 frames
  complete  35m_k1p56_r3: 2000 frames
  complete  35m_k1p56_r4: 2000 frames
  complete  35m_k1p56_r5: 2000 frames
  6 replicate(s) complete at 2000 frames
CASE=HP_NaCl_TIP4PEW_paperbox  DATE=2026-09-04T14:29:46-06:00
JobID           JobName    CPUTime    Elapsed     MaxRSS 
------------ ---------- ---------- ---------- ---------- 
27969156     HP_nacl_p+   00:03:53   00:03:53            
27969156.ba+      batch   00:03:53   00:03:53            
27969156.ex+     extern   00:03:53   00:03:53            
